// Jest Snapshot v1, https://goo.gl/fbAQLP

exports[`ModalSelectBacnkAccount component debe mostrar snapshot 1`] = `
<Fragment>
  <Button
    active={false}
    disabled={false}
    onClick={[Function]}
    variant="primary"
  >
    Banck
  </Button>
  <Modal
    animation={true}
    aria-labelledby="contained-modal-title-vcenter"
    autoFocus={true}
    backdrop={true}
    centered={true}
    dialogAs={
      Object {
        "$$typeof": Symbol(react.forward_ref),
        "render": [Function],
      }
    }
    enforceFocus={true}
    keyboard={true}
    onHide={[Function]}
    restoreFocus={true}
    show={false}
    size="lg"
  >
    <ModalHeader
      closeButton={true}
      closeLabel="Close"
    >
      <ModalTitle>
        Select a banck account
      </ModalTitle>
    </ModalHeader>
    <ModalBody>
      <div
        className="container"
      >
        <div
          className="row"
        >
          <div
            className="col-md-12"
          >
            <TablaSelectBankAccount />
          </div>
        </div>
      </div>
    </ModalBody>
    <ModalFooter>
      <Button
        active={false}
        disabled={false}
        onClick={[Function]}
        variant="secondary"
      >
        Cancel
      </Button>
      <Button
        active={false}
        disabled={false}
        variant="primary"
      >
        OK
      </Button>
    </ModalFooter>
  </Modal>
</Fragment>
`;
