// Jest Snapshot v1, https://goo.gl/fbAQLP

exports[`ReleaseAffiliationRSA component debe mostrar snapshot 1`] = `
<Fragment>
  <Row
    tag="div"
    widths={
      Array [
        "xs",
        "sm",
        "md",
        "lg",
        "xl",
      ]
    }
  >
    <Col
      className="border"
      tag="div"
      widths={
        Array [
          "xs",
          "sm",
          "md",
          "lg",
          "xl",
        ]
      }
    >
      <span>
        Remain
      </span>
      <Row
        tag="div"
        widths={
          Array [
            "xs",
            "sm",
            "md",
            "lg",
            "xl",
          ]
        }
      >
        <Col
          tag="div"
          widths={
            Array [
              "xs",
              "sm",
              "md",
              "lg",
              "xl",
            ]
          }
        >
          <Row
            tag="div"
            widths={
              Array [
                "xs",
                "sm",
                "md",
                "lg",
                "xl",
              ]
            }
          >
            <Label
              check={true}
              tag="label"
              widths={
                Array [
                  "xs",
                  "sm",
                  "md",
                  "lg",
                  "xl",
                ]
              }
            >
              <Input
                type="checkbox"
              />
               Monthly Payment
            </Label>
          </Row>
          <Row
            tag="div"
            widths={
              Array [
                "xs",
                "sm",
                "md",
                "lg",
                "xl",
              ]
            }
          >
            <Label
              check={true}
              tag="label"
              widths={
                Array [
                  "xs",
                  "sm",
                  "md",
                  "lg",
                  "xl",
                ]
              }
            >
              <Input
                type="checkbox"
              />
               Down Payment
            </Label>
          </Row>
        </Col>
      </Row>
    </Col>
    <Col
      className="border"
      tag="div"
      widths={
        Array [
          "xs",
          "sm",
          "md",
          "lg",
          "xl",
        ]
      }
    >
      <span>
        Source
      </span>
      <Row
        tag="div"
        widths={
          Array [
            "xs",
            "sm",
            "md",
            "lg",
            "xl",
          ]
        }
      >
        <Col
          tag="div"
          widths={
            Array [
              "xs",
              "sm",
              "md",
              "lg",
              "xl",
            ]
          }
        >
          <Row
            tag="div"
            widths={
              Array [
                "xs",
                "sm",
                "md",
                "lg",
                "xl",
              ]
            }
          >
            <Label
              check={true}
              tag="label"
              widths={
                Array [
                  "xs",
                  "sm",
                  "md",
                  "lg",
                  "xl",
                ]
              }
            >
              <Input
                type="checkbox"
              />
               All
            </Label>
          </Row>
          <Row
            tag="div"
            widths={
              Array [
                "xs",
                "sm",
                "md",
                "lg",
                "xl",
              ]
            }
          >
            <Label
              check={true}
              tag="label"
              widths={
                Array [
                  "xs",
                  "sm",
                  "md",
                  "lg",
                  "xl",
                ]
              }
            >
              <Input
                type="checkbox"
              />
               With Suspense
            </Label>
          </Row>
          <Row
            tag="div"
            widths={
              Array [
                "xs",
                "sm",
                "md",
                "lg",
                "xl",
              ]
            }
          >
            <Label
              check={true}
              tag="label"
              widths={
                Array [
                  "xs",
                  "sm",
                  "md",
                  "lg",
                  "xl",
                ]
              }
            >
              <Input
                type="checkbox"
              />
               Without Suspense
            </Label>
          </Row>
        </Col>
      </Row>
    </Col>
    <Col
      className="border"
      tag="div"
      widths={
        Array [
          "xs",
          "sm",
          "md",
          "lg",
          "xl",
        ]
      }
    >
      <span>
        Amounts
      </span>
      <Row
        tag="div"
        widths={
          Array [
            "xs",
            "sm",
            "md",
            "lg",
            "xl",
          ]
        }
      >
        <Col
          tag="div"
          widths={
            Array [
              "xs",
              "sm",
              "md",
              "lg",
              "xl",
            ]
          }
        >
          <Row
            tag="div"
            widths={
              Array [
                "xs",
                "sm",
                "md",
                "lg",
                "xl",
              ]
            }
          >
            <Label
              check={true}
              tag="label"
              widths={
                Array [
                  "xs",
                  "sm",
                  "md",
                  "lg",
                  "xl",
                ]
              }
            >
              Max Balance 
              <Input
                type="number"
              />
               USD
            </Label>
          </Row>
          <Row
            tag="div"
            widths={
              Array [
                "xs",
                "sm",
                "md",
                "lg",
                "xl",
              ]
            }
          >
            <Label
              check={true}
              tag="label"
              widths={
                Array [
                  "xs",
                  "sm",
                  "md",
                  "lg",
                  "xl",
                ]
              }
            >
              Exchange rate 
              <Input
                type="number"
              />
            </Label>
          </Row>
        </Col>
      </Row>
    </Col>
  </Row>
  <Row
    className="mt-2"
    tag="div"
    widths={
      Array [
        "xs",
        "sm",
        "md",
        "lg",
        "xl",
      ]
    }
  >
    <Col
      lg={
        Object {
          "offset": 9,
          "size": 4,
        }
      }
      md={
        Object {
          "offset": 8,
          "size": 5,
        }
      }
      tag="div"
      widths={
        Array [
          "xs",
          "sm",
          "md",
          "lg",
          "xl",
        ]
      }
    >
      <Button
        color="secondary"
        tag="button"
      >
        Simulate
      </Button>
      <Button
        color="secondary"
        tag="button"
      >
        Process
      </Button>
      <Button
        color="secondary"
        tag="button"
      >
        Cancel
      </Button>
    </Col>
  </Row>
</Fragment>
`;
