// Jest Snapshot v1, https://goo.gl/fbAQLP

exports[`Saved component Debe mostrar snapshot 1`] = `
<div
  className="container mx-auto"
>
  <i
    className="fa fa-check-circle fa-5x"
  />
  <h6
    className="mt-4 text-white"
  >
    Changes saved succesfully
  </h6>
</div>
`;
