// Jest Snapshot v1, https://goo.gl/fbAQLP

exports[`portfolioSales component Debe mostrar snapshot 1`] = `<portfolioSales />`;
