// Jest Snapshot v1, https://goo.gl/fbAQLP

exports[`GenerateIdGlobalMemberShips component debe mostrar snapshot 1`] = `
<Fragment>
  <Button
    active={false}
    disabled={false}
    onClick={[Function]}
    variant="primary"
  >
    Generate Id GlobalMemberShips
  </Button>
  <Modal
    animation={true}
    aria-labelledby="contained-modal-title-vcenter"
    autoFocus={true}
    backdrop={true}
    centered={true}
    dialogAs={
      Object {
        "$$typeof": Symbol(react.forward_ref),
        "render": [Function],
      }
    }
    enforceFocus={true}
    keyboard={true}
    onHide={[Function]}
    restoreFocus={true}
    show={false}
    size="ms"
  >
    <ModalHeader
      closeButton={true}
      closeLabel="Close"
    >
      <ModalTitle>
        Generate Id GlobalMemberShips
      </ModalTitle>
    </ModalHeader>
    <ModalBody>
      <from>
        <div
          className="container"
        >
          <div
            className="row"
          >
            <div
              className="col-md-4"
            >
              <Checkbox
                label="For Application"
                name="checkRow3"
              />
            </div>
            <div
              className="col-md-4"
            >
              <Checkbox
                label="For Queantity"
                name="checkRow3"
              />
            </div>
            <div
              className="col-md-4"
            >
              <Checkbox
                label="All"
                name="checkRow3"
              />
            </div>
            <div
              className="col-md-12"
            >
              <Input
                col={12}
                label=""
                placeholder=""
                type="text"
              />
            </div>
          </div>
        </div>
      </from>
    </ModalBody>
    <ModalFooter>
      <Button
        active={false}
        disabled={false}
        variant="primary"
      >
        Generate
      </Button>
    </ModalFooter>
  </Modal>
</Fragment>
`;
