// Jest Snapshot v1, https://goo.gl/fbAQLP

exports[`TablaProvision component Debe mostrar snapshot 1`] = `
<Fragment>
  <div>
    <ForwardRef
      bordered={true}
      className="table table-hover"
      hover={true}
      striped={true}
    >
      <thead>
        <tr>
          <td
            className="text-align-justify"
          >
            #
          </td>
          <td
            className="text-align-justify"
          >
            Provision
          </td>
          <td
            className="text-align-justify"
          >
            Quantity
          </td>
          <td
            className="text-align-justify"
          >
            Validity
          </td>
          <td
            className="text-align-justify"
          >
            Status
          </td>
        </tr>
      </thead>
      <tbody>
        <tr>
          <td
            className="text-align-justify"
          >
            1
          </td>
          <td
            className="text-align-justify"
          >
            IMP WK LBC PROG REFERIDOS PLUS ELITE
          </td>
          <td
            className="text-align-justify"
          >
            1
          </td>
          <td
            className="text-align-justify"
          >
            1
          </td>
          <td
            className="text-align-justify"
          >
            A
          </td>
        </tr>
        <tr>
          <td
            className="text-align-justify"
          >
            2
          </td>
          <td
            className="text-align-justify"
          >
            IMP WK LBC PROG REFERIDOS PLUS ELITE
          </td>
          <td
            className="text-align-justify"
          >
            1
          </td>
          <td
            className="text-align-justify"
          >
            1
          </td>
          <td
            className="text-align-justify"
          >
            A
          </td>
        </tr>
        <tr>
          <td
            className="text-align-justify"
          >
            3
          </td>
          <td
            className="text-align-justify"
          >
            IMP WK LBC PROG REFERIDOS PLUS ELITE
          </td>
          <td
            className="text-align-justify"
          >
            1
          </td>
          <td
            className="text-align-justify"
          >
            1
          </td>
          <td
            className="text-align-justify"
          >
            A
          </td>
        </tr>
      </tbody>
    </ForwardRef>
  </div>
</Fragment>
`;
