// Jest Snapshot v1, https://goo.gl/fbAQLP

exports[`GolfRateDetail component debe mostrar snapshot 1`] = `
<Fragment>
  <Card
    tag="div"
  >
    <CardBody
      tag="div"
    >
      <CardTitle
        tag="h5"
      >
        Golf Rate Detail
      </CardTitle>
      <Row
        tag="div"
        widths={
          Array [
            "xs",
            "sm",
            "md",
            "lg",
            "xl",
          ]
        }
      >
        <Col
          md={6}
          tag="div"
          widths={
            Array [
              "xs",
              "sm",
              "md",
              "lg",
              "xl",
            ]
          }
        >
          <Label
            tag="label"
            widths={
              Array [
                "xs",
                "sm",
                "md",
                "lg",
                "xl",
              ]
            }
          >
            Golf Round
          </Label>
          <Input
            id="exampleSelect"
            name="select"
            type="select"
          >
            <option>
              Alta
            </option>
            <option>
              2
            </option>
          </Input>
        </Col>
        <Col
          md={6}
          tag="div"
          widths={
            Array [
              "xs",
              "sm",
              "md",
              "lg",
              "xl",
            ]
          }
        >
          <Label
            tag="label"
            widths={
              Array [
                "xs",
                "sm",
                "md",
                "lg",
                "xl",
              ]
            }
          >
            Golf Course
          </Label>
          <Input
            id="exampleSelect"
            name="select"
            type="select"
          >
            <option>
              Alta
            </option>
            <option>
              2
            </option>
          </Input>
        </Col>
        <Col
          md={6}
          tag="div"
          widths={
            Array [
              "xs",
              "sm",
              "md",
              "lg",
              "xl",
            ]
          }
        >
          <Label
            tag="label"
            widths={
              Array [
                "xs",
                "sm",
                "md",
                "lg",
                "xl",
              ]
            }
          >
            Use Year
          </Label>
          <Input
            id="exampleSelect"
            name="select"
            type="select"
          >
            <option>
              Alta
            </option>
            <option>
              2
            </option>
          </Input>
        </Col>
        <Col
          md={6}
          tag="div"
          widths={
            Array [
              "xs",
              "sm",
              "md",
              "lg",
              "xl",
            ]
          }
        >
          <Label
            tag="label"
            widths={
              Array [
                "xs",
                "sm",
                "md",
                "lg",
                "xl",
              ]
            }
          >
            Amount
          </Label>
          <Input
            type="text"
          />
        </Col>
        <Col
          md={6}
          tag="div"
          widths={
            Array [
              "xs",
              "sm",
              "md",
              "lg",
              "xl",
            ]
          }
        >
          <Label
            tag="label"
            widths={
              Array [
                "xs",
                "sm",
                "md",
                "lg",
                "xl",
              ]
            }
          >
            Status
          </Label>
          <Input
            id="exampleSelect"
            name="select"
            type="select"
          >
            <option>
              Alta
            </option>
            <option>
              2
            </option>
          </Input>
        </Col>
        <Col
          md={6}
          tag="div"
          widths={
            Array [
              "xs",
              "sm",
              "md",
              "lg",
              "xl",
            ]
          }
        >
          <Label
            tag="label"
            widths={
              Array [
                "xs",
                "sm",
                "md",
                "lg",
                "xl",
              ]
            }
          >
            Date From
          </Label>
          <Input
            type="date"
          />
        </Col>
        <Col
          md={6}
          tag="div"
          widths={
            Array [
              "xs",
              "sm",
              "md",
              "lg",
              "xl",
            ]
          }
        >
          <Label
            tag="label"
            widths={
              Array [
                "xs",
                "sm",
                "md",
                "lg",
                "xl",
              ]
            }
          >
            Date To
          </Label>
          <Input
            type="date"
          />
        </Col>
        <Col
          md={6}
          tag="div"
          widths={
            Array [
              "xs",
              "sm",
              "md",
              "lg",
              "xl",
            ]
          }
        >
          <Label
            tag="label"
            widths={
              Array [
                "xs",
                "sm",
                "md",
                "lg",
                "xl",
              ]
            }
          >
            Print Date
          </Label>
          <Input
            type="date"
          />
        </Col>
        <Col
          className="justify-content-end"
          lg="4"
          tag="div"
          widths={
            Array [
              "xs",
              "sm",
              "md",
              "lg",
              "xl",
            ]
          }
        >
          <Button
            color="primary"
            tag="button"
          >
            <i
              className="fas fa-save"
            />
            Save
          </Button>
          <Button
            color="primary"
            tag="button"
          >
            <i
              className="fas fa-times"
            />
            Close
          </Button>
        </Col>
      </Row>
    </CardBody>
  </Card>
</Fragment>
`;
