// Jest Snapshot v1, https://goo.gl/fbAQLP

exports[`Pruebas del componente ReportAccountInquiryMI  Creacion de ReportAccountInquiryMI 1`] = `<Fragment />`;
