// Jest Snapshot v1, https://goo.gl/fbAQLP

exports[`Pruebas del componente ReportAccountInquiryMI  Creacion de ReportAccountInquiryMI 1`] = `
<Fragment>
  <Row
    tag="div"
    widths={
      Array [
        "xs",
        "sm",
        "md",
        "lg",
        "xl",
      ]
    }
  >
    <Col
      lg={
        Object {
          "offset": 4,
          "size": 4,
        }
      }
      md={
        Object {
          "offset": 4,
          "size": 4,
        }
      }
      sm={
        Object {
          "offset": 2,
          "size": 8,
        }
      }
      tag="div"
      widths={
        Array [
          "xs",
          "sm",
          "md",
          "lg",
          "xl",
        ]
      }
    >
      <InputGroup
        tag="div"
      >
        <Label
          tag="label"
          widths={
            Array [
              "xs",
              "sm",
              "md",
              "lg",
              "xl",
            ]
          }
        >
          Application: 
        </Label>
        <Input
          type="text"
        />
        <InputGroupAddon
          addonType="append"
          tag="div"
        >
          <InputGroupText
            tag="span"
          >
            ...
          </InputGroupText>
        </InputGroupAddon>
      </InputGroup>
    </Col>
  </Row>
  <Row
    tag="div"
    widths={
      Array [
        "xs",
        "sm",
        "md",
        "lg",
        "xl",
      ]
    }
  >
    <Col
      lg={
        Object {
          "offset": 5,
          "size": 4,
        }
      }
      md={
        Object {
          "offset": 5,
          "size": 4,
        }
      }
      sm={
        Object {
          "offset": 5,
          "size": 3,
        }
      }
      tag="div"
      widths={
        Array [
          "xs",
          "sm",
          "md",
          "lg",
          "xl",
        ]
      }
    >
      <InfoMembersNoContainer
        text="Company"
        title="Company"
      />
      <InfoMembersNoContainer
        text="Name"
        title="Member Name"
      />
    </Col>
  </Row>
</Fragment>
`;
