// Jest Snapshot v1, https://goo.gl/fbAQLP

exports[`Prueba componente UI <AddEditPostForm/> Componente no recibe props 1`] = `
<Fragment>
  <AddEditForm />
</Fragment>
`;
