// Jest Snapshot v1, https://goo.gl/fbAQLP

exports[`PackageAcces component debe mostrar snapshot 1`] = `
<form
  className="card"
>
  <h3>
    Grant Access
  </h3>
  <div
    className="input-group input-group-sm mb-3"
  >
    <Select
      col={12}
      colIcon={12}
      label="Access hotel"
      option="SS1"
    />
  </div>
  <div
    className="row m-3"
  >
    <div
      className="col-md-2"
    >
      <ToggleCheck
        label="Family category"
        numToggle={1}
      />
    </div>
    <div
      className="col-md-2"
    >
      <ToggleCheck
        label="Governor"
        numToggle={2}
      />
    </div>
    <div
      className="col-md-5"
    >
      <ToggleCheck
        label="Lock Off"
        numToggle={3}
      />
    </div>
  </div>
  <div
    className="row mt-3"
  >
    <TextArea
      className="p-5"
      col={12}
      label="Description"
      placeholder="Standar suite - PR, TG, LBC, JM, LBCB and PC"
    />
    <TextArea
      className="p-2"
      col="12"
      label="Standar suite"
      placeholder=" "
    />
    <TextArea
      className="p-2"
      col="12"
      label="Presidential suite"
      placeholder=" "
    />
  </div>
  <div
    className="col-6 input-group input-group-sm mb-3"
  >
    <Select
      col={9}
      label="Access"
      option="Hotel"
    />
    <ModalPrueba />
  </div>
</form>
`;
