// Jest Snapshot v1, https://goo.gl/fbAQLP

exports[`DowPayment component debe mostrar snapshot 1`] = `
<Fragment>
  <div
    className="container"
  >
    <div
      className="card"
    >
      <div
        className="row"
      >
        <div
          className="col-md-6"
        >
          <h3>
            Dow Payment Other
          </h3>
        </div>
        <div
          className="col-md-6"
        >
          <h3>
            Cash out
          </h3>
        </div>
      </div>
      <div
        className="row"
      >
        <div
          className="col-md-6"
        >
          <Select
            col={12}
            label="City paid"
            placeholder="$0.00"
            type="text"
          />
        </div>
        <div
          className="col-md-6"
        >
          <Select
            col={12}
            label="Cash options"
            placeholder="$0.00"
            type="text"
          />
        </div>
      </div>
    </div>
  </div>
</Fragment>
`;
