// Jest Snapshot v1, https://goo.gl/fbAQLP

exports[`MembersLikend component debe mostrar snapshot 1`] = `
<Fragment>
  <div
    className="container"
  >
    <div
      className="card"
    >
      <div
        className="card-header"
      >
        <div
          className="row"
        >
          <div
            className="col-lg-6"
          >
            <h3>
              Trade in
            </h3>
          </div>
          <div
            className="col-lg-6 d-flex justify-content-end tables"
          >
            <Button
              col="0.2"
              icon="fas fa-users"
              title="Members Linkend"
              type="button"
              typebootstrap="link"
            />
          </div>
        </div>
      </div>
      <div
        className="row"
      >
        <div
          className="col-md-10"
        >
          <Input
            col={12}
            label="Equity Total"
            placeholder="$0.00"
            type="text"
          />
        </div>
        <div
          className="col-md-2"
        >
          <Button
            className="btn btn-primary"
            style={
              Object {
                "width": "20%",
              }
            }
            title="Edit"
          />
        </div>
      </div>
    </div>
  </div>
</Fragment>
`;
